[dotenv@17.2.3] injecting env (18) from .env.local -- tip: ≡ƒöæ add access controls to secrets: https://dotenvx.com/ops
Starting FTP test...
Uploading...
npx : FTP Upload Error: FTPError: 
500 USER: command requires a 
parameter
At line:1 char:1
+ npx tsx scripts/test_ftp.ts > 
ftp_debug.log 2>&1
+ ~~~~~~~~~~~~~~~~~~~~~~~~~~~~~~~~~~
~~~~~~~~~~~~~~
    + CategoryInfo          :     
NotSpecified: (FTP Uploa    d 
Erro...res a parameter:    String) 
[], RemoteExcepti    on
    + FullyQualifiedErrorId :     
NativeCommandError
 
    at 
FTPContext._onControlSocketData (C:\
Private\hawaii-door\node_modules\bas
ic-ftp\dist\FtpContext.js:283:39)
    at Socket.<anonymous> (C:\Privat
e\hawaii-door\node_modules\basic-ftp
\dist\FtpContext.js:127:44)
    at Socket.emit 
(node:events:524:28)
    at addChunk (node:internal/strea
ms/readable:561:12)
    at readableAddChunkPushByteMode 
(node:internal/streams/readable:512:
3)
    at Readable.push (node:internal/
streams/readable:392:5)
    at TCP.onStreamRead (node:intern
al/stream_base_commons:191:23) {
  code: 500
}
FTP Error: Error: FTP Upload 
failed: 500 USER: command requires 
a parameter
    at uploadToFtp (C:\Private\hawai
i-door\lib\ftp.ts:67:11)
    at 
process.processTicksAndRejections (n
ode:internal/process/task_queues:95:
5)
    at async main (C:\Private\hawaii
-door\scripts\test_ftp.ts:17:17)
